
> hospitality-financial-modeling@0.0.0 build
> node scripts/generate-health.js && tsc -b && vite build

node.exe : Could not get test count from Vitest, 
using default value
No linha:1 caractere:1
+ & "C:\Program Files\nodejs/node.exe" 
"C:\Program Files\nodejs/node_mo ...
+ ~~~~~~~~~~~~~~~~~~~~~~~~~~~~~~~~~~~~~~~~~~~~~~~
~~~~~~~~~~~~~~~~~~~~~~
    + CategoryInfo          : NotSpecified: (Cou 
   ld not get t...g default value:String) [], R  
  emoteException
    + FullyQualifiedErrorId : NativeCommandError
 
Ô£à Health report generated: C:\Users\User\Desktop\hospitality-financial-model-main\public\health.json
{
  "status": "stable",
  "version": "v1.1.2",
  "checksPassed": 805,
  "totalTests": 805,
  "passing": 805,
  "failing": 0,
  "lastCheck": "2025-12-05T12:13:54.216Z"
}
'tsc' não é reconhecido como um comando interno
ou externo, um programa operável ou um arquivo 
em lotes.
